2026-05-18 06:56:33 [[32minfo[39m]: MongoDB connected
2026-05-18 06:58:37 [[32minfo[39m]: MongoDB connected
2026-05-18 06:58:37 [[33mwarn[39m]: Firebase credentials not fully configured – push notifications disabled
2026-05-18 06:58:37 [[32minfo[39m]: Socket.IO initialized
2026-05-18 06:58:37 [[32minfo[39m]: 🚀 Server running on port 5000 [development]
2026-05-18 07:14:22 [[32minfo[39m]: Redis connected
2026-05-18 07:22:33 [[32minfo[39m]: MongoDB connected
2026-05-18 07:22:33 [[33mwarn[39m]: Firebase credentials not fully configured – push notifications disabled
2026-05-18 07:22:33 [[32minfo[39m]: Socket.IO initialized
2026-05-18 07:22:33 [[32minfo[39m]: 🚀 Server running on port 5000 [development]
2026-05-18 07:22:33 [[32minfo[39m]: Redis connected
2026-05-18 07:24:10 [[32minfo[39m]: MongoDB connected
2026-05-18 07:24:10 [[33mwarn[39m]: Firebase credentials not fully configured – push notifications disabled
2026-05-18 07:24:10 [[32minfo[39m]: Socket.IO initialized
2026-05-18 07:24:10 [[32minfo[39m]: 🚀 Server running on port 5000 [development]
2026-05-18 07:24:18 [[32minfo[39m]: Redis connected
2026-05-18 07:35:39 [[32minfo[39m]: MongoDB connected
2026-05-18 07:35:39 [[33mwarn[39m]: Firebase credentials not fully configured – push notifications disabled
2026-05-18 07:35:39 [[32minfo[39m]: Socket.IO initialized
2026-05-18 07:35:39 [[32minfo[39m]: 🚀 Server running on port 5000 [development]
2026-05-18 07:36:02 [[32minfo[39m]: MongoDB connected
2026-05-18 07:36:02 [[33mwarn[39m]: Firebase credentials not fully configured – push notifications disabled
2026-05-18 07:36:02 [[32minfo[39m]: Socket.IO initialized
2026-05-18 07:36:02 [[32minfo[39m]: 🚀 Server running on port 5000 [development]
2026-05-18 07:36:31 [[32minfo[39m]: Redis connected
2026-05-18 09:39:25 [[32minfo[39m]: MongoDB connected
2026-05-18 09:39:25 [[33mwarn[39m]: Firebase credentials not fully configured – push notifications disabled
2026-05-18 09:39:25 [[32minfo[39m]: Socket.IO initialized
2026-05-18 09:39:25 [[32minfo[39m]: 🚀 Server running on port 5000 [development]
2026-05-18 09:39:25 [[32minfo[39m]: Redis connected
2026-05-18 09:42:30 [[32minfo[39m]: MongoDB connected
2026-05-18 09:42:30 [[33mwarn[39m]: Firebase credentials not fully configured – push notifications disabled
2026-05-18 09:42:30 [[32minfo[39m]: Socket.IO initialized
2026-05-18 09:42:30 [[32minfo[39m]: 🚀 Server running on port 5000 [development]
2026-05-18 09:42:50 [[32minfo[39m]: Redis connected
2026-05-18 10:40:11 [[32minfo[39m]: MongoDB connected
2026-05-18 10:40:11 [[33mwarn[39m]: Firebase credentials not fully configured – push notifications disabled
2026-05-18 10:40:11 [[32minfo[39m]: Socket.IO initialized
2026-05-18 10:40:11 [[32minfo[39m]: 🚀 Server running on port 5000 [development]
2026-05-18 10:40:24 [[32minfo[39m]: Redis connected
2026-05-18 10:44:43 [[32minfo[39m]: MongoDB connected
2026-05-18 10:44:43 [[33mwarn[39m]: Firebase credentials not fully configured – push notifications disabled
2026-05-18 10:44:43 [[32minfo[39m]: Socket.IO initialized
2026-05-18 10:44:43 [[32minfo[39m]: 🚀 Server running on port 5000 [development]
2026-05-18 10:44:48 [[32minfo[39m]: MongoDB connected
2026-05-18 10:44:48 [[33mwarn[39m]: Firebase credentials not fully configured – push notifications disabled
2026-05-18 10:44:48 [[32minfo[39m]: Socket.IO initialized
2026-05-18 10:44:48 [[32minfo[39m]: 🚀 Server running on port 5000 [development]
2026-05-18 10:45:04 [[32minfo[39m]: MongoDB connected
2026-05-18 10:45:04 [[33mwarn[39m]: Firebase credentials not fully configured – push notifications disabled
2026-05-18 10:45:04 [[32minfo[39m]: Socket.IO initialized
2026-05-18 10:45:04 [[32minfo[39m]: 🚀 Server running on port 5000 [development]
2026-05-18 10:45:18 [[32minfo[39m]: Redis connected
2026-05-18 11:01:35 [[32minfo[39m]: AI prediction generated for match 6a0a5b961a175d38a8e67df8
2026-05-18 11:01:35 [[32minfo[39m]: AI prediction generated for match 6a0a5b961a175d38a8e67dec
2026-05-18 11:01:35 [[32minfo[39m]: AI prediction generated for match 6a0a5b961a175d38a8e67df2
2026-05-18 11:17:30 [[32minfo[39m]: AI prediction generated for match 6a0a5b961a175d38a8e67dec
2026-05-18 11:17:30 [[32minfo[39m]: AI prediction generated for match 6a0a5b961a175d38a8e67df8
2026-05-18 11:17:30 [[32minfo[39m]: AI prediction generated for match 6a0a5b961a175d38a8e67df2
2026-05-18 12:27:11 [[32minfo[39m]: MongoDB connected
2026-05-18 12:27:11 [[33mwarn[39m]: Firebase credentials not fully configured – push notifications disabled
2026-05-18 12:27:11 [[32minfo[39m]: Socket.IO initialized
2026-05-18 12:27:11 [[32minfo[39m]: 🚀 Server running on port 5000 [development]
2026-05-18 13:41:44 [[32minfo[39m]: Redis connected
